// Jest Snapshot v1, https://goo.gl/fbAQLP

exports[`should render the dashboard page for any non-existing route 1`] = `
<div>
  <Connect(ExpenseListFilters) />
  <Connect(ExpenseList) />
</div>
`;
