// Jest Snapshot v1, https://goo.gl/fbAQLP

exports[`should render the not found page for any non-existing route 1`] = `
<div>
  404! - 
  <Link
    replace={false}
    to="/"
  >
    Go Home
  </Link>
</div>
`;
